// Jest Snapshot v1, https://goo.gl/fbAQLP

exports[`renders as expected 1`] = `
<div>
  <mock-drawer
    anchor="left"
    classname="DataDrawer-drawer-1"
    open="false"
  >
    <div
      class="DataDrawer-drawerContent-2"
    >
      <div>
        <h2 />
        <p />
        <p />
      </div>
    </div>
  </mock-drawer>
</div>
`;
